# ERROR LOG FILE #